crypto — the eight live pairs, year by year
  BTC/USD   2021   365d   272 trades   33.5% won   -0.258x risked  $  -47,901   (19s)
  BTC/USD   2022   365d   276 trades   37.7% won   -1.103x risked  $  -25,832   (19s)
  BTC/USD   2023   365d   304 trades   38.2% won   -0.260x risked  $  -36,361   (19s)
  BTC/USD   2024   366d   283 trades   38.9% won   -0.215x risked  $  -38,408   (19s)
  BTC/USD   2025   365d   265 trades   38.9% won   -0.242x risked  $  -37,824   (20s)
  BTC/USD   2026   207d   186 trades   40.9% won   -0.145x risked  $  -20,911   (12s)
  ETH/USD   2021   365d   260 trades   40.8% won   -0.056x risked  $   -7,005   (21s)
  ETH/USD   2022   365d   275 trades   34.9% won   -0.257x risked  $  -47,584   (22s)
  ETH/USD   2023   365d   308 trades   36.7% won   -0.399x risked  $  -42,008   (21s)
  ETH/USD   2024   366d   250 trades   38.8% won   -0.232x risked  $  -33,739   (21s)
  ETH/USD   2025   365d   281 trades   40.6% won   -0.098x risked  $   -3,592   (21s)
  ETH/USD   2026   207d   145 trades   37.2% won   -0.186x risked  $  -13,725   (11s)
  SOL/USD   2021   365d   248 trades   42.3% won   -0.051x risked  $   -2,467   (18s)
  SOL/USD   2022   365d   231 trades   34.2% won   -0.209x risked  $  -39,048   (18s)
  SOL/USD   2023   185d   134 trades   39.6% won   -0.143x risked  $  -16,374   (9s)
  SOL/USD   2024   128d    99 trades   41.4% won   -0.199x risked  $   -5,332   (6s)
  SOL/USD   2025   365d   257 trades   37.0% won   -0.175x risked  $  -34,702   (18s)
  SOL/USD   2026   207d   143 trades   46.9% won   -0.037x risked  $     -769   (10s)
  XRP/USD   2024   366d   110 trades   37.3% won   -0.100x risked  $  -15,698   (11s)
  XRP/USD   2025   365d   245 trades   38.4% won   -0.138x risked  $  -34,504   (16s)
  XRP/USD   2026   207d    97 trades   35.1% won   -1.993x risked  $  -22,749   (8s)
  LINK/USD  2021   365d   244 trades   37.7% won   -0.159x risked  $  -44,994   (18s)
  LINK/USD  2022   365d   215 trades   41.4% won   -0.042x risked  $   -1,763   (17s)
  LINK/USD  2023   365d   263 trades   42.2% won   -0.080x risked  $  -27,133   (19s)
  LINK/USD  2024   366d   289 trades   43.6% won   -0.065x risked  $   39,839   (19s)
  LINK/USD  2025   365d   271 trades   36.9% won   -0.256x risked  $  -49,227   (19s)
  LINK/USD  2026   207d   116 trades   38.8% won   -0.211x risked  $  -22,329   (10s)
  LTC/USD   2021   365d   214 trades   39.7% won   -0.116x risked  $  -44,466   (17s)
  LTC/USD   2022   365d   168 trades   41.7% won   -0.070x risked  $  -20,494   (16s)
  LTC/USD   2023   365d   252 trades   38.5% won   -0.240x risked  $  -34,831   (18s)
  LTC/USD   2024   366d   249 trades   41.0% won   -0.125x risked  $  -33,505   (17s)
  LTC/USD   2025   365d   251 trades   37.5% won   -0.292x risked  $  -36,425   (18s)
  LTC/USD   2026   207d   124 trades   37.9% won   -0.244x risked  $   -9,562   (10s)
  ADA/USD   2026   164d   111 trades   50.5% won   -0.021x risked  $   19,193   (7s)
  DOT/USD   2023   136d    93 trades   35.5% won   -0.269x risked  $  -23,812   (6s)
  DOT/USD   2024   366d   242 trades   43.0% won   -0.186x risked  $  -36,500   (17s)
  DOT/USD   2025   365d   237 trades   33.3% won   -0.411x risked  $  -68,199   (18s)
  DOT/USD   2026   207d   131 trades   42.0% won   -0.176x risked  $  -21,003   (9s)

written: step455_* for crypto
