==============================================================================
ROUND 89 — TRANSFER TEST: volume-gated Bollinger breakout on unseen assets
==============================================================================

Imported (not retyped): bollinger_breakout_signal, volume_gate_entry, BREAKOUT_CONFIGS from step86_specified.py; score, split_points, MIN_TRAIN_TRADES, MIN_VAL_TRADES from step43_daytrade.py; run_backtest from backtest.py. NOT using step86's load_frames() as-is (see module docstring) — instead calling its own underlying primitives (fetch_bybit_deep, fetch_funding_history, align_funding) for '1h' only, since this config never touches 15m/4h.

--- SOL (SOLUSDT) ---
  SOLUSDT 1h: 41809 bars from cache
  SOLUSDT funding: 5910 settlements from cache
  loaded 41809 1h bars (2021-10-15 00:00:00+00:00 to 2026-07-23 00:00:00+00:00) in 0.1s
  train n= 504 exp=$  +25.27   val n= 149 exp=$   -1.96   test n= 173 exp=$  +11.86
  FULL-HISTORY: n=826 exp=$+20.10 total_pnl=$+16601.28 win%=38.6 trades/yr=173.19 max_dd=-43.21% streak=14  VERDICT=PASS
  worst adverse excursion (any trade, full history): 27.85%  (entry 2022-11-14 01:00:00+00:00, dir -1)

--- XRP (XRPUSDT) ---
  XRPUSDT 1h: 45567 bars from cache
  XRPUSDT funding: 5696 settlements from cache
  loaded 45567 1h bars (2021-05-13 09:00:00+00:00 to 2026-07-24 23:00:00+00:00) in 0.0s
  train n= 582 exp=$  -10.78   val n= 179 exp=$  +84.83   test n= 191 exp=$  +18.88
  FULL-HISTORY: n=951 exp=$+2.89 total_pnl=$+2746.01 win%=38.3 trades/yr=182.95 max_dd=-81.26% streak=18  VERDICT=PASS
  worst adverse excursion (any trade, full history): 28.86%  (entry 2024-08-07 15:00:00+00:00, dir -1)

--- DOGE (DOGEUSDT) ---
  DOGEUSDT 1h: 45086 bars from cache
  DOGEUSDT funding: 5636 settlements from cache
  loaded 45086 1h bars (2021-06-02 10:00:00+00:00 to 2026-07-24 23:00:00+00:00) in 0.0s
  train n= 587 exp=$  -12.21   val n= 168 exp=$  +82.15   test n= 188 exp=$  -17.11
  FULL-HISTORY: n=942 exp=$-5.80 total_pnl=$-5464.28 win%=34.8 trades/yr=183.16 max_dd=-84.27% streak=12  VERDICT=FAIL
  worst adverse excursion (any trade, full history): 32.14%  (entry 2021-10-26 23:00:00+00:00, dir -1)

--- BNB (BNBUSDT) ---
    ...back to 2025-06-03 (9999 bars)
    ...back to 2024-04-12 (19999 bars)
    ...back to 2023-02-21 (29999 bars)
    ...back to 2021-12-31 (39999 bars)
  BNBUSDT 1h: fetched 44441 bars (2021-06-29 to 2026-07-24)
  funding: fetched 5556 settlements (2021-06-29 to 2026-07-25)
  loaded 44441 1h bars (2021-06-29 07:00:00+00:00 to 2026-07-24 23:00:00+00:00) in 55.1s
  train n= 544 exp=$  -11.43   val n= 163 exp=$  -25.49   test n= 175 exp=$   +8.88
  FULL-HISTORY: n=882 exp=$-8.44 total_pnl=$-7446.02 win%=34.5 trades/yr=173.98 max_dd=-86.86% streak=14  VERDICT=FAIL
  worst adverse excursion (any trade, full history): 25.14%  (entry 2022-11-08 05:00:00+00:00, dir -1)

--- ADA (ADAUSDT) ---
    ...back to 2025-06-03 (9999 bars)
    ...back to 2024-04-12 (19999 bars)
    ...back to 2023-02-21 (29999 bars)
    ...back to 2021-12-31 (39999 bars)
  ADAUSDT 1h: fetched 46913 bars (2021-03-18 to 2026-07-24)
  funding: fetched 5865 settlements (2021-03-18 to 2026-07-25)
  loaded 46913 1h bars (2021-03-18 07:00:00+00:00 to 2026-07-24 23:00:00+00:00) in 60.0s
  train n= 552 exp=$   -7.36   val n= 171 exp=$  -10.65   test n= 190 exp=$  -11.39
  FULL-HISTORY: n=912 exp=$-6.85 total_pnl=$-6245.27 win%=38.4 trades/yr=170.42 max_dd=-73.56% streak=12  VERDICT=FAIL
  worst adverse excursion (any trade, full history): 16.87%  (entry 2022-05-11 13:00:00+00:00, dir -1)

--- LINK (LINKUSDT) ---
    ...back to 2025-06-03 (9999 bars)
    ...back to 2024-04-12 (19999 bars)
    ...back to 2023-02-21 (29999 bars)
    ...back to 2021-12-31 (39999 bars)
    ...back to 2020-11-09 (49999 bars)
  LINKUSDT 1h: fetched 50463 bars (2020-10-21 to 2026-07-24)
  funding: fetched 6309 settlements (2020-10-21 to 2026-07-25)
  loaded 50463 1h bars (2020-10-21 09:00:00+00:00 to 2026-07-24 23:00:00+00:00) in 64.3s
  train n= 544 exp=$  -14.33   val n= 191 exp=$   -9.37   test n= 202 exp=$  +11.30
  FULL-HISTORY: n=936 exp=$-8.31 total_pnl=$-7780.61 win%=38.5 trades/yr=162.6 max_dd=-85.65% streak=12  VERDICT=FAIL
  worst adverse excursion (any trade, full history): 29.35%  (entry 2021-05-19 13:00:00+00:00, dir -1)

--- AVAX (AVAXUSDT) ---
    ...back to 2025-06-03 (9999 bars)
    ...back to 2024-04-12 (19999 bars)
    ...back to 2023-02-21 (29999 bars)
    ...back to 2021-12-31 (39999 bars)
  AVAXUSDT 1h: fetched 42568 bars (2021-09-15 to 2026-07-24)
  funding: fetched 5321 settlements (2021-09-15 to 2026-07-25)
  loaded 42568 1h bars (2021-09-15 08:00:00+00:00 to 2026-07-24 23:00:00+00:00) in 49.8s
  train n= 515 exp=$  +13.83   val n= 139 exp=$   +2.63   test n= 170 exp=$  +12.19
  FULL-HISTORY: n=823 exp=$+13.89 total_pnl=$+11435.45 win%=40.3 trades/yr=169.48 max_dd=-43.67% streak=11  VERDICT=PASS
  worst adverse excursion (any trade, full history): 16.61%  (entry 2025-01-20 01:00:00+00:00, dir -1)

--- LTC (LTCUSDT) ---
    ...back to 2025-06-03 (9999 bars)
    ...back to 2024-04-12 (19999 bars)
    ...back to 2023-02-21 (29999 bars)
    ...back to 2021-12-31 (39999 bars)
    ...back to 2020-11-09 (49999 bars)
  LTCUSDT 1h: fetched 50463 bars (2020-10-21 to 2026-07-24)
  funding: fetched 6309 settlements (2020-10-21 to 2026-07-25)
  loaded 50463 1h bars (2020-10-21 09:00:00+00:00 to 2026-07-24 23:00:00+00:00) in 64.4s
  train n= 621 exp=$   -7.70   val n= 180 exp=$   +1.87   test n= 195 exp=$   -5.28
  FULL-HISTORY: n=995 exp=$-5.20 total_pnl=$-5175.28 win%=37.0 trades/yr=172.85 max_dd=-73.11% streak=12  VERDICT=FAIL
  worst adverse excursion (any trade, full history): 26.11%  (entry 2021-05-19 13:00:00+00:00, dir -1)

--- DOT (DOTUSDT) ---
    ...back to 2025-06-03 (9999 bars)
    ...back to 2024-04-12 (19999 bars)
    ...back to 2023-02-21 (29999 bars)
    ...back to 2021-12-31 (39999 bars)
  DOTUSDT 1h: fetched 46911 bars (2021-03-18 to 2026-07-24)
  funding: fetched 5865 settlements (2021-03-18 to 2026-07-25)
  loaded 46911 1h bars (2021-03-18 09:00:00+00:00 to 2026-07-24 23:00:00+00:00) in 56.7s
  train n= 533 exp=$  -14.51   val n= 167 exp=$   +8.57   test n= 176 exp=$  +12.65
  FULL-HISTORY: n=875 exp=$-7.82 total_pnl=$-6842.96 win%=38.7 trades/yr=163.51 max_dd=-82.48% streak=10  VERDICT=FAIL
  worst adverse excursion (any trade, full history): 28.41%  (entry 2021-05-19 13:00:00+00:00, dir -1)

==============================================================================
POOLED SUMMARY — every asset, new + R87's sealed BTC/ETH
==============================================================================
asset                 source  n_trades  expectancy  trades_yr verdict
  BTC        R87 sealed test       242        6.97     191.20    PASS
  ETH        R87 sealed test       226        9.68     210.90    PASS
  SOL R89 full-history (new)       826       20.10     173.19    PASS
  XRP R89 full-history (new)       951        2.89     182.95    PASS
 DOGE R89 full-history (new)       942       -5.80     183.16    FAIL
  BNB R89 full-history (new)       882       -8.44     173.98    FAIL
  ADA R89 full-history (new)       912       -6.85     170.42    FAIL
 LINK R89 full-history (new)       936       -8.31     162.60    FAIL
 AVAX R89 full-history (new)       823       13.89     169.48    PASS
  LTC R89 full-history (new)       995       -5.20     172.85    FAIL
  DOT R89 full-history (new)       875       -7.82     163.51    FAIL

5 / 11 assets PASS.
Total trades/year if every PASSing asset were run: 927.7

wrote step89_table.csv: 8149 per-trade rows (train+val+test, 9 new assets)
